\BOOKMARK [1][-]{cover.1}{\376\377\134\001\000\040\227\142}{}% 1
\BOOKMARK [1][-]{title.1}{\376\377\150\007\000\040\230\230}{}% 2
\BOOKMARK [1][-]{contents.1}{\376\377\166\356\000\040\137\125}{}% 3
\BOOKMARK [1][-]{section.1}{\376\377\0001\000\040\225\356\230\230\221\315\217\360}{}% 4
\BOOKMARK [2][-]{subsection.1.1}{\376\377\0001\000.\0001\000\040\137\025\212\000}{section.1}% 5
\BOOKMARK [2][-]{subsection.1.2}{\376\377\0001\000.\0002\000\040\225\356\230\230\166\204\143\320\121\372}{section.1}% 6
\BOOKMARK [1][-]{section.2}{\376\377\0002\000\040\152\041\127\213\120\107\213\276\116\016\173\046\123\367\213\364\146\016}{}% 7
\BOOKMARK [2][-]{subsection.2.1}{\376\377\0002\000.\0001\000\040\152\041\127\213\120\107\213\276}{section.2}% 8
\BOOKMARK [2][-]{subsection.2.2}{\376\377\0002\000.\0002\000\040\173\046\123\367\213\364\146\016}{section.2}% 9
\BOOKMARK [1][-]{section.3}{\376\377\0003\000\040\225\356\230\230\116\000\166\204\136\372\152\041\116\016\154\102\211\343}{}% 10
\BOOKMARK [2][-]{subsection.3.1}{\376\377\0003\000.\0001\000\040\225\356\230\230\116\000\122\006\147\220}{section.3}% 11
\BOOKMARK [2][-]{subsection.3.2}{\376\377\0003\000.\0002\000\040\127\372\147\054\176\246\133\232}{section.3}% 12
\BOOKMARK [2][-]{subsection.3.3}{\376\377\0003\000.\0003\000\040\202\052\153\265\145\366\225\364\116\016\200\375\200\027\152\041\127\213}{section.3}% 13
\BOOKMARK [3][-]{subsubsection.3.3.1}{\376\377\0003\000.\0003\000.\0001\000\040\127\372\116\216\000D\000E\000M\166\204\202\052\153\265\121\300\172\172\152\041\127\213}{subsection.3.3}% 14
\BOOKMARK [3][-]{subsubsection.3.3.2}{\376\377\0003\000.\0003\000.\0002\000\040\217\175\203\167\166\370\121\163\173\111\145\110\202\052\172\013\116\016\217\320\217\223\200\375\200\027}{subsection.3.3}% 15
\BOOKMARK [3][-]{subsubsection.3.3.3}{\376\377\0003\000.\0003\000.\0003\000\040\230\336\210\114\145\366\225\364\116\016\123\125\147\266\153\041\117\134\116\032\145\366\225\364}{subsection.3.3}% 16
\BOOKMARK [2][-]{subsection.3.4}{\376\377\0003\000.\0004\000\040\123\125\160\271\137\200\217\324\147\000\131\047\133\211\121\150\217\175\203\167\152\041\127\213}{section.3}% 17
\BOOKMARK [2][-]{subsection.3.5}{\376\377\0003\000.\0005\000\040\215\047\173\261\176\304\142\171\117\030\123\026\152\041\127\213}{section.3}% 18
\BOOKMARK [3][-]{subsubsection.3.5.1}{\376\377\0003\000.\0005\000.\0001\000\040\123\357\210\114\176\304\142\171\176\246\147\137}{subsection.3.5}% 19
\BOOKMARK [3][-]{subsubsection.3.5.2}{\376\377\0003\000.\0005\000.\0002\000\040\131\032\166\356\150\007\117\030\123\026\116\016\117\030\121\110\121\163\174\373}{subsection.3.5}% 20
\BOOKMARK [2][-]{subsection.3.6}{\376\377\0003\000.\0006\000\040\174\276\170\156\122\250\140\001\211\304\122\022\154\102\211\343\145\271\154\325}{section.3}% 21
\BOOKMARK [2][-]{subsection.3.7}{\376\377\0003\000.\0007\000\040\213\241\173\227\176\323\147\234\116\016\122\006\147\220}{section.3}% 22
\BOOKMARK [3][-]{subsubsection.3.7.1}{\376\377\0003\000.\0007\000.\0001\000\040\116\011\171\315\147\072\127\213\166\204\147\000\131\047\133\211\121\150\217\175\203\167}{subsection.3.7}% 23
\BOOKMARK [3][-]{subsubsection.3.7.2}{\376\377\0003\000.\0007\000.\0002\000\040\147\000\117\030\215\047\173\261\176\304\142\171\145\271\150\110}{subsection.3.7}% 24
\BOOKMARK [3][-]{subsubsection.3.7.3}{\376\377\0003\000.\0007\000.\0003\000\040\147\266\153\041\145\160\060\001\200\375\200\027\116\016\117\134\116\032\145\366\225\364\166\204\147\103\210\141}{subsection.3.7}% 25
\BOOKMARK [3][-]{subsubsection.3.7.4}{\376\377\0003\000.\0007\000.\0004\000\040\217\324\202\052\133\211\121\150\117\131\221\317\145\117\141\037\140\047\122\006\147\220}{subsection.3.7}% 26
\BOOKMARK [3][-]{subsubsection.3.7.5}{\376\377\0003\000.\0007\000.\0005\000\040\145\271\150\110\123\357\210\114\140\047\116\016\154\102\211\343\174\276\170\156\140\047\150\300\232\214}{subsection.3.7}% 27
\BOOKMARK [2][-]{subsection.3.8}{\376\377\0003\000.\0008\000\040\225\356\230\230\116\000\154\102\211\343\176\323\147\234\140\073\176\323\116\016\213\250\213\272}{section.3}% 28
\BOOKMARK [1][-]{section.4}{\376\377\0004\000\040\225\356\230\230\116\214\166\204\136\372\152\041\116\016\154\102\211\343}{}% 29
\BOOKMARK [2][-]{subsection.4.1}{\376\377\0004\000.\0001\000\040\225\356\230\230\116\214\122\006\147\220}{section.4}% 30
\BOOKMARK [2][-]{subsection.4.2}{\376\377\0004\000.\0002\000\040\127\372\147\054\176\246\133\232\116\016\120\031\220\011\147\266\153\041\147\204\220\040}{section.4}% 31
\BOOKMARK [3][-]{subsubsection.4.2.1}{\376\377\0004\000.\0002\000.\0001\000\040\220\020\202\052\153\265\217\175\203\167\060\001\145\366\225\364\124\214\200\375\156\220}{subsection.4.2}% 32
\BOOKMARK [3][-]{subsubsection.4.2.2}{\376\377\0004\000.\0002\000.\0002\000\040\147\011\226\120\120\031\220\011\154\140\166\204\147\204\220\040}{subsection.4.2}% 33
\BOOKMARK [2][-]{subsection.4.3}{\376\377\0004\000.\0003\000\040\215\047\173\261\211\206\166\326\060\001\145\366\226\120\116\016\121\161\116\253\215\104\156\220\152\041\127\213}{section.4}% 34
\BOOKMARK [3][-]{subsubsection.4.3.1}{\376\377\0004\000.\0003\000.\0001\000\040\116\000\153\041\116\244\116\330\124\214\145\366\226\120}{subsection.4.3}% 35
\BOOKMARK [3][-]{subsubsection.4.3.2}{\376\377\0004\000.\0003\000.\0002\000\040\217\320\217\223\147\072\116\016\121\161\116\253\165\065\154\140\166\204\123\314\123\072\225\364\123\140\165\050}{subsection.4.3}% 36
\BOOKMARK [2][-]{subsection.4.4}{\376\377\0004\000.\0004\000\040\117\030\123\026\166\356\150\007\116\016\154\102\211\343\145\271\154\325}{section.4}% 37
\BOOKMARK [3][-]{subsubsection.4.4.1}{\376\377\0004\000.\0004\000.\0001\000\040\145\164\145\160\123\026\122\240\147\103\166\356\150\007}{subsection.4.4}% 38
\BOOKMARK [3][-]{subsubsection.4.4.2}{\376\377\0004\000.\0004\000.\0002\000\040\120\031\220\011\154\140\154\102\211\343\116\016\126\372\133\232\215\357\176\277\221\315\143\222}{subsection.4.4}% 39
\BOOKMARK [2][-]{subsection.4.5}{\376\377\0004\000.\0005\000\040\213\241\173\227\176\323\147\234\116\016\122\006\147\220}{section.4}% 40
\BOOKMARK [3][-]{subsubsection.4.5.1}{\376\377\0004\000.\0005\000.\0001\000\040\217\320\217\223\116\373\122\241\116\016\147\072\127\213\122\006\135\345}{subsection.4.5}% 41
\BOOKMARK [3][-]{subsubsection.4.5.2}{\376\377\0004\000.\0005\000.\0002\000\040\220\001\217\276\145\366\145\110\116\016\133\211\121\150\117\131\221\317}{subsection.4.5}% 42
\BOOKMARK [2][-]{subsection.4.6}{\376\377\0004\000.\0006\000\040\153\143\170\156\140\047\116\016\147\000\117\030\140\047\203\003\126\364\150\300\232\214}{section.4}% 43
\BOOKMARK [2][-]{subsection.4.7}{\376\377\0004\000.\0007\000\040\225\356\230\230\116\214\154\102\211\343\176\323\147\234\140\073\176\323\116\016\213\250\213\272}{section.4}% 44
\BOOKMARK [1][-]{section.5}{\376\377\0005\000\040\225\356\230\230\116\011\166\204\136\372\152\041\116\016\154\102\211\343}{}% 45
\BOOKMARK [2][-]{subsection.5.1}{\376\377\0005\000.\0001\000\040\225\356\230\230\116\011\122\006\147\220}{section.5}% 46
\BOOKMARK [2][-]{subsection.5.2}{\376\377\0005\000.\0002\000\040\220\032\117\341\224\376\215\357\116\016\217\336\176\355\211\206\166\326\152\041\127\213}{section.5}% 47
\BOOKMARK [3][-]{subsubsection.5.2.1}{\376\377\0005\000.\0002\000.\0001\000\040\123\314\124\021\224\376\215\357\230\204\173\227}{subsection.5.2}% 48
\BOOKMARK [3][-]{subsubsection.5.2.2}{\376\377\0005\000.\0002\000.\0002\000\040\166\364\217\336\142\026\123\125\116\055\176\347\116\044\215\363\117\335\226\234}{subsection.5.2}% 49
\BOOKMARK [2][-]{subsection.5.3}{\376\377\0005\000.\0003\000\040\116\055\176\347\116\373\122\241\116\016\200\375\156\220\215\104\156\220\152\041\127\213}{section.5}% 50
\BOOKMARK [3][-]{subsubsection.5.3.1}{\376\377\0005\000.\0003\000.\0001\000\040\120\031\220\011\140\254\120\134\160\271\116\016\230\204\173\133}{subsection.5.3}% 51
\BOOKMARK [3][-]{subsubsection.5.3.2}{\376\377\0005\000.\0003\000.\0002\000\040\116\000\153\041\116\055\176\347\147\266\153\041\166\204\145\366\225\364\116\016\165\065\221\317}{subsection.5.3}% 52
\BOOKMARK [2][-]{subsection.5.4}{\376\377\0005\000.\0004\000\040\200\124\124\010\154\102\211\343\116\016\145\366\225\364\176\306\123\026}{section.5}% 53
\BOOKMARK [3][-]{subsubsection.5.4.1}{\376\377\0005\000.\0004\000.\0001\000\040\144\034\175\042\162\266\140\001\116\016\143\222\136\217}{subsection.5.4}% 54
\BOOKMARK [3][-]{subsubsection.5.4.2}{\376\377\0005\000.\0004\000.\0002\000\040\217\336\176\355\145\366\225\364\220\032\117\341\213\301\116\146}{subsection.5.4}% 55
\BOOKMARK [2][-]{subsection.5.5}{\376\377\0005\000.\0005\000\040\200\124\124\010\214\003\136\246\176\323\147\234\116\016\122\006\147\220}{section.5}% 56
\BOOKMARK [3][-]{subsubsection.5.5.1}{\376\377\0005\000.\0005\000.\0001\000\040\116\055\225\364\145\271\150\110\116\016\153\143\137\017\145\271\150\110}{subsection.5.5}% 57
\BOOKMARK [3][-]{subsubsection.5.5.2}{\376\377\0005\000.\0005\000.\0002\000\040\116\244\116\330\116\343\116\367\116\016\220\032\117\341\117\335\226\234}{subsection.5.5}% 58
\BOOKMARK [2][-]{subsection.5.6}{\376\377\0005\000.\0006\000\040\225\356\230\230\116\011\154\102\211\343\176\323\147\234\140\073\176\323\116\016\213\250\213\272}{section.5}% 59
\BOOKMARK [1][-]{section.6}{\376\377\0006\000\040\225\356\230\230\126\333\166\204\136\372\152\041\116\016\154\102\211\343}{}% 60
\BOOKMARK [2][-]{subsection.6.1}{\376\377\0006\000.\0001\000\040\225\356\230\230\126\333\122\006\147\220}{section.6}% 61
\BOOKMARK [2][-]{subsection.6.2}{\376\377\0006\000.\0002\000\040\136\372\152\041\140\035\215\357\116\016\126\372\133\232\116\373\122\241\217\271\165\114}{section.6}% 62
\BOOKMARK [2][-]{subsection.6.3}{\376\377\0006\000.\0003\000\040\152\041\127\213\136\372\172\313\377\032\116\015\123\357\142\306\122\006\123\125\121\103\116\016\213\276\131\007\221\115\177\156}{section.6}% 63
\BOOKMARK [3][-]{subsubsection.6.3.1}{\376\377\0006\000.\0003\000.\0001\000\040\165\061\116\373\122\241\117\235\215\126\170\156\133\232\123\357\122\006\176\304\123\125\121\103}{subsection.6.3}% 64
\BOOKMARK [3][-]{subsubsection.6.3.2}{\376\377\0006\000.\0003\000.\0002\000\040\165\061\116\373\122\241\123\072\225\364\213\241\173\227\176\304\121\205\147\000\134\021\213\276\131\007\145\160}{subsection.6.3}% 65
\BOOKMARK [3][-]{subsubsection.6.3.3}{\376\377\0006\000.\0003\000.\0003\000\040\136\223\133\130\177\072\123\343\116\016\117\134\116\032\221\317\213\304\116\367}{subsection.6.3}% 66
\BOOKMARK [2][-]{subsection.6.4}{\376\377\0006\000.\0004\000\040\154\102\211\343\217\307\172\013}{section.6}% 67
\BOOKMARK [2][-]{subsection.6.5}{\376\377\0006\000.\0005\000\040\147\232\116\076\176\323\147\234\116\016\221\115\177\156\122\006\147\220}{section.6}% 68
\BOOKMARK [2][-]{subsection.6.6}{\376\377\0006\000.\0006\000\040\220\002\165\050\203\003\126\364\116\016\133\236\145\275\124\053\116\111}{section.6}% 69
\BOOKMARK [2][-]{subsection.6.7}{\376\377\0006\000.\0007\000\040\225\356\230\230\126\333\154\102\211\343\176\323\147\234\140\073\176\323\116\016\213\250\213\272}{section.6}% 70
\BOOKMARK [1][-]{section.7}{\376\377\0007\000\040\152\041\127\213\213\304\116\367}{}% 71
\BOOKMARK [2][-]{subsection.7.1}{\376\377\0007\000.\0001\000\040\152\041\127\213\166\204\116\073\211\201\117\030\122\277}{section.7}% 72
\BOOKMARK [2][-]{subsection.7.2}{\376\377\0007\000.\0002\000\040\176\323\147\234\232\214\213\301\116\016\133\211\121\150\210\325\221\317}{section.7}% 73
\BOOKMARK [2][-]{subsection.7.3}{\376\377\0007\000.\0003\000\040\220\002\165\050\203\003\126\364\116\016\176\323\147\234\131\015\150\070}{section.7}% 74
\BOOKMARK [2][-]{subsection.7.4}{\376\377\0007\000.\0004\000\040\134\100\226\120\116\016\145\071\217\333\145\271\124\021}{section.7}% 75
\BOOKMARK [1][-]{appendix.1.A}{\376\377\226\104\137\125\000\040\000A\000\040\000M\000A\000T\000L\000A\000B\000\040\156\220\172\013\136\217}{}% 76
\BOOKMARK [2][-]{subsection.1.A.1}{\376\377\000A\000.\0001\000\040\173\054\0001\225\356\172\013\136\217}{appendix.1.A}% 77
\BOOKMARK [1][-]{appendix.1.B}{\376\377\226\104\137\125\000\040\000B\000\040\000P\000y\000t\000h\000o\000n\000\040\156\220\172\013\136\217}{}% 78
\BOOKMARK [2][-]{subsection.1.B.1}{\376\377\000B\000.\0001\000\040\173\054\0002\225\356\172\013\136\217}{appendix.1.B}% 79
