\BOOKMARK [1][-]{cover.1}{\376\377\134\001\000\040\227\142}{}% 1
\BOOKMARK [1][-]{title.1}{\376\377\150\007\000\040\230\230}{}% 2
\BOOKMARK [1][-]{contents.1}{\376\377\166\356\000\040\137\125}{}% 3
\BOOKMARK [1][-]{section.1}{\376\377\0001\000\040\225\356\230\230\221\315\217\360\116\016\145\160\143\156}{}% 4
\BOOKMARK [1][-]{section.2}{\376\377\0002\000\040\176\337\116\000\120\107\213\276\116\016\162\151\164\006\152\041\127\213}{}% 5
\BOOKMARK [2][-]{subsection.2.1}{\376\377\0002\000.\0001\000\040\173\046\123\367\116\016\217\271\165\114}{section.2}% 6
\BOOKMARK [2][-]{subsection.2.2}{\376\377\0002\000.\0002\000\040\202\052\153\265\145\366\225\364\060\001\200\375\200\027\124\214\121\105\165\065}{section.2}% 7
\BOOKMARK [1][-]{section.3}{\376\377\0003\000\040\225\356\230\230\116\000\377\032\123\125\160\271\133\211\121\150\217\175\203\167\116\016\176\304\142\171}{}% 8
\BOOKMARK [1][-]{section.4}{\376\377\0004\000\040\225\356\230\230\116\214\166\204\136\372\152\041\116\016\154\102\211\343}{}% 9
\BOOKMARK [2][-]{subsection.4.1}{\376\377\0004\000.\0001\000\040\225\356\230\230\116\214\122\006\147\220}{section.4}% 10
\BOOKMARK [2][-]{subsection.4.2}{\376\377\0004\000.\0002\000\040\127\372\147\054\176\246\133\232\116\016\120\031\220\011\147\266\153\041\147\204\220\040}{section.4}% 11
\BOOKMARK [3][-]{subsubsection.4.2.1}{\376\377\0004\000.\0002\000.\0001\000\040\220\020\202\052\153\265\217\175\203\167\060\001\145\366\225\364\124\214\200\375\156\220}{subsection.4.2}% 12
\BOOKMARK [2][-]{subsection.4.3}{\376\377\0004\000.\0003\000\040\215\047\173\261\211\206\166\326\060\001\145\366\226\120\116\016\121\161\116\253\215\104\156\220\152\041\127\213}{section.4}% 13
\BOOKMARK [3][-]{subsubsection.4.3.1}{\376\377\0004\000.\0003\000.\0001\000\040\116\000\153\041\116\244\116\330\124\214\145\366\226\120}{subsection.4.3}% 14
\BOOKMARK [3][-]{subsubsection.4.3.2}{\376\377\0004\000.\0003\000.\0002\000\040\217\320\217\223\147\072\116\016\121\161\116\253\165\065\154\140\166\204\123\314\123\072\225\364\123\140\165\050}{subsection.4.3}% 15
\BOOKMARK [2][-]{subsection.4.4}{\376\377\0004\000.\0004\000\040\117\030\123\026\166\356\150\007\116\016\154\102\211\343\145\271\154\325}{section.4}% 16
\BOOKMARK [3][-]{subsubsection.4.4.1}{\376\377\0004\000.\0004\000.\0001\000\040\145\164\145\160\123\026\122\240\147\103\166\356\150\007}{subsection.4.4}% 17
\BOOKMARK [3][-]{subsubsection.4.4.2}{\376\377\0004\000.\0004\000.\0002\000\040\120\031\220\011\154\140\154\102\211\343\116\016\126\372\133\232\215\357\176\277\221\315\143\222}{subsection.4.4}% 18
\BOOKMARK [2][-]{subsection.4.5}{\376\377\0004\000.\0005\000\040\213\241\173\227\176\323\147\234\116\016\122\006\147\220}{section.4}% 19
\BOOKMARK [3][-]{subsubsection.4.5.1}{\376\377\0004\000.\0005\000.\0001\000\040\217\320\217\223\116\373\122\241\116\016\147\072\127\213\122\006\135\345}{subsection.4.5}% 20
\BOOKMARK [3][-]{subsubsection.4.5.2}{\376\377\0004\000.\0005\000.\0002\000\040\220\001\217\276\145\366\145\110\116\016\133\211\121\150\117\131\221\317}{subsection.4.5}% 21
\BOOKMARK [2][-]{subsection.4.6}{\376\377\0004\000.\0006\000\040\153\143\170\156\140\047\116\016\147\000\117\030\140\047\203\003\126\364\150\300\232\214}{section.4}% 22
\BOOKMARK [1][-]{section.5}{\376\377\0005\000\040\225\356\230\230\116\011\166\204\136\372\152\041\116\016\154\102\211\343}{}% 23
\BOOKMARK [2][-]{subsection.5.1}{\376\377\0005\000.\0001\000\040\225\356\230\230\116\011\122\006\147\220}{section.5}% 24
\BOOKMARK [2][-]{subsection.5.2}{\376\377\0005\000.\0002\000\040\220\032\117\341\224\376\215\357\116\016\217\336\176\355\211\206\166\326\152\041\127\213}{section.5}% 25
\BOOKMARK [3][-]{subsubsection.5.2.1}{\376\377\0005\000.\0002\000.\0001\000\040\123\314\124\021\224\376\215\357\230\204\173\227}{subsection.5.2}% 26
\BOOKMARK [3][-]{subsubsection.5.2.2}{\376\377\0005\000.\0002\000.\0002\000\040\166\364\217\336\142\026\123\125\116\055\176\347\116\044\215\363\117\335\226\234}{subsection.5.2}% 27
\BOOKMARK [2][-]{subsection.5.3}{\376\377\0005\000.\0003\000\040\116\055\176\347\116\373\122\241\116\016\200\375\156\220\215\104\156\220\152\041\127\213}{section.5}% 28
\BOOKMARK [3][-]{subsubsection.5.3.1}{\376\377\0005\000.\0003\000.\0001\000\040\120\031\220\011\140\254\120\134\160\271\116\016\230\204\173\133}{subsection.5.3}% 29
\BOOKMARK [3][-]{subsubsection.5.3.2}{\376\377\0005\000.\0003\000.\0002\000\040\116\000\153\041\116\055\176\347\147\266\153\041\166\204\145\366\225\364\116\016\165\065\221\317}{subsection.5.3}% 30
\BOOKMARK [2][-]{subsection.5.4}{\376\377\0005\000.\0004\000\040\200\124\124\010\154\102\211\343\116\016\145\366\225\364\176\306\123\026}{section.5}% 31
\BOOKMARK [3][-]{subsubsection.5.4.1}{\376\377\0005\000.\0004\000.\0001\000\040\144\034\175\042\162\266\140\001\116\016\143\222\136\217}{subsection.5.4}% 32
\BOOKMARK [3][-]{subsubsection.5.4.2}{\376\377\0005\000.\0004\000.\0002\000\040\217\336\176\355\145\366\225\364\220\032\117\341\213\301\116\146}{subsection.5.4}% 33
\BOOKMARK [2][-]{subsection.5.5}{\376\377\0005\000.\0005\000\040\200\124\124\010\214\003\136\246\176\323\147\234\116\016\122\006\147\220}{section.5}% 34
\BOOKMARK [3][-]{subsubsection.5.5.1}{\376\377\0005\000.\0005\000.\0001\000\040\116\055\225\364\145\271\150\110\116\016\153\143\137\017\145\271\150\110}{subsection.5.5}% 35
\BOOKMARK [3][-]{subsubsection.5.5.2}{\376\377\0005\000.\0005\000.\0002\000\040\116\244\116\330\116\343\116\367\116\016\220\032\117\341\117\335\226\234}{subsection.5.5}% 36
\BOOKMARK [1][-]{section.6}{\376\377\0006\000\040\225\356\230\230\126\333\377\032\126\372\133\232\116\373\122\241\122\006\123\072}{}% 37
\BOOKMARK [1][-]{section.7}{\376\377\0007\000\040\152\041\127\213\213\304\116\367\116\016\176\323\147\234\131\015\163\260}{}% 38
\BOOKMARK [1][-]{section*.15}{\376\377\123\302\200\003\145\207\163\056}{}% 39
